bamfiletopen	/net/mimer/mnt/tank/projects2/metagnm_asm/project2/data/empirical/yates2021/results/alignments/ARS012.A0101.SG1.2_sorted_md.bam
refNameStr	NC_002967.9
mapped	31
unmapped	0
bamfiletopen	/net/mimer/mnt/tank/projects2/metagnm_asm/project2/data/empirical/yates2021/results/alignments/ARS012.A0101.SG1.2_sorted_md.bam
refNameStr	NC_021038.1
mapped	50
unmapped	0
bamfiletopen	/net/mimer/mnt/tank/projects2/metagnm_asm/project2/data/empirical/yates2021/results/alignments/ARS012.A0101.SG1.2_sorted_md.bam
refNameStr	NC_016610.1
mapped	61
unmapped	0
bamfiletopen	/net/mimer/mnt/tank/projects2/metagnm_asm/project2/data/empirical/yates2021/results/alignments/ARS012.A0101.SG1.2_sorted_md.bam
refNameStr	NZ_CP028101.1
mapped	121
unmapped	0

bamfiletopen	/net/mimer/mnt/tank/projects2/metagnm_asm/project2/data/empirical/yates2021/results/alignments/ARS004.A0101.SG1.2_sorted_md.bam
refNameStr	NC_002967.9
mapped	51
unmapped	0
bamfiletopen	/net/mimer/mnt/tank/projects2/metagnm_asm/project2/data/empirical/yates2021/results/alignments/ARS004.A0101.SG1.2_sorted_md.bam
refNameStr	NC_021038.1
mapped	48
unmapped	0
bamfiletopen	/net/mimer/mnt/tank/projects2/metagnm_asm/project2/data/empirical/yates2021/results/alignments/ARS004.A0101.SG1.2_sorted_md.bam
refNameStr	NC_016610.1
mapped	56
unmapped	0
bamfiletopen	/net/mimer/mnt/tank/projects2/metagnm_asm/project2/data/empirical/yates2021/results/alignments/ARS004.A0101.SG1.2_sorted_md.bam
refNameStr	NZ_CP028101.1
mapped	112
unmapped	0

bamfiletopen	/net/mimer/mnt/tank/projects2/metagnm_asm/project2/data/empirical/yates2021/results/alignments/ARS020.A0101.SG1.2_sorted_md.bam
refNameStr	NC_002967.9
mapped	49
unmapped	0
bamfiletopen	/net/mimer/mnt/tank/projects2/metagnm_asm/project2/data/empirical/yates2021/results/alignments/ARS020.A0101.SG1.2_sorted_md.bam
refNameStr	NC_021038.1
mapped	58
unmapped	0
bamfiletopen	/net/mimer/mnt/tank/projects2/metagnm_asm/project2/data/empirical/yates2021/results/alignments/ARS020.A0101.SG1.2_sorted_md.bam
refNameStr	NC_016610.1
mapped	79
unmapped	0
bamfiletopen	/net/mimer/mnt/tank/projects2/metagnm_asm/project2/data/empirical/yates2021/results/alignments/ARS020.A0101.SG1.2_sorted_md.bam
refNameStr	NZ_CP028101.1
mapped	110
unmapped	0

bamfiletopen	/net/mimer/mnt/tank/projects2/metagnm_asm/project2/data/empirical/yates2021/results/alignments/ARS001.A0101.SG1.2_sorted_md.bam
refNameStr	NC_002967.9
mapped	43
unmapped	0
bamfiletopen	/net/mimer/mnt/tank/projects2/metagnm_asm/project2/data/empirical/yates2021/results/alignments/ARS001.A0101.SG1.2_sorted_md.bam
refNameStr	NC_021038.1
mapped	55
unmapped	0
bamfiletopen	/net/mimer/mnt/tank/projects2/metagnm_asm/project2/data/empirical/yates2021/results/alignments/ARS001.A0101.SG1.2_sorted_md.bam
refNameStr	NC_016610.1
mapped	55
unmapped	0
bamfiletopen	/net/mimer/mnt/tank/projects2/metagnm_asm/project2/data/empirical/yates2021/results/alignments/ARS001.A0101.SG1.2_sorted_md.bam
refNameStr	NZ_CP028101.1
mapped	139
unmapped	0

bamfiletopen	/net/mimer/mnt/tank/projects2/metagnm_asm/project2/data/empirical/yates2021/results/alignments/ARS005.A0101.SG1.2_sorted_md.bam
refNameStr	NC_002967.9
mapped	40
unmapped	0
bamfiletopen	/net/mimer/mnt/tank/projects2/metagnm_asm/project2/data/empirical/yates2021/results/alignments/ARS005.A0101.SG1.2_sorted_md.bam
refNameStr	NC_021038.1
mapped	72
unmapped	0
bamfiletopen	/net/mimer/mnt/tank/projects2/metagnm_asm/project2/data/empirical/yates2021/results/alignments/ARS005.A0101.SG1.2_sorted_md.bam
refNameStr	NC_016610.1
mapped	47
unmapped	0
bamfiletopen	/net/mimer/mnt/tank/projects2/metagnm_asm/project2/data/empirical/yates2021/results/alignments/ARS005.A0101.SG1.2_sorted_md.bam
refNameStr	NZ_CP028101.1
mapped	103
unmapped	0

bamfiletopen	/net/mimer/mnt/tank/projects2/metagnm_asm/project2/data/empirical/yates2021/results/alignments/ARS013.A0101.SG1.2_sorted_md.bam
refNameStr	NC_002967.9
mapped	30
unmapped	0
bamfiletopen	/net/mimer/mnt/tank/projects2/metagnm_asm/project2/data/empirical/yates2021/results/alignments/ARS013.A0101.SG1.2_sorted_md.bam
refNameStr	NC_021038.1
mapped	48
unmapped	0
bamfiletopen	/net/mimer/mnt/tank/projects2/metagnm_asm/project2/data/empirical/yates2021/results/alignments/ARS013.A0101.SG1.2_sorted_md.bam
refNameStr	NC_016610.1
mapped	49
unmapped	0
bamfiletopen	/net/mimer/mnt/tank/projects2/metagnm_asm/project2/data/empirical/yates2021/results/alignments/ARS013.A0101.SG1.2_sorted_md.bam
refNameStr	NZ_CP028101.1
mapped	106
unmapped	0

bamfiletopen	/net/mimer/mnt/tank/projects2/metagnm_asm/project2/data/empirical/yates2021/results/alignments/ARS015.A0101.SG1.2_sorted_md.bam
refNameStr	NC_002967.9
mapped	59
unmapped	0
bamfiletopen	/net/mimer/mnt/tank/projects2/metagnm_asm/project2/data/empirical/yates2021/results/alignments/ARS015.A0101.SG1.2_sorted_md.bam
refNameStr	NC_021038.1
mapped	46
unmapped	0
bamfiletopen	/net/mimer/mnt/tank/projects2/metagnm_asm/project2/data/empirical/yates2021/results/alignments/ARS015.A0101.SG1.2_sorted_md.bam
refNameStr	NC_016610.1
mapped	78
unmapped	0
bamfiletopen	/net/mimer/mnt/tank/projects2/metagnm_asm/project2/data/empirical/yates2021/results/alignments/ARS015.A0101.SG1.2_sorted_md.bam
refNameStr	NZ_CP028101.1
mapped	142
unmapped	0

bamfiletopen	/net/mimer/mnt/tank/projects2/metagnm_asm/project2/data/empirical/yates2021/results/alignments/ARS010.A0101.SG1.2_sorted_md.bam
refNameStr	NC_002967.9
mapped	53
unmapped	0
bamfiletopen	/net/mimer/mnt/tank/projects2/metagnm_asm/project2/data/empirical/yates2021/results/alignments/ARS010.A0101.SG1.2_sorted_md.bam
refNameStr	NC_021038.1
mapped	64
unmapped	0
bamfiletopen	/net/mimer/mnt/tank/projects2/metagnm_asm/project2/data/empirical/yates2021/results/alignments/ARS010.A0101.SG1.2_sorted_md.bam
refNameStr	NC_016610.1
mapped	63
unmapped	0
bamfiletopen	/net/mimer/mnt/tank/projects2/metagnm_asm/project2/data/empirical/yates2021/results/alignments/ARS010.A0101.SG1.2_sorted_md.bam
refNameStr	NZ_CP028101.1
mapped	116
unmapped	0

bamfiletopen	/net/mimer/mnt/tank/projects2/metagnm_asm/project2/data/empirical/yates2021/results/alignments/ARS011.A0101.SG1.2_sorted_md.bam
refNameStr	NC_002967.9
mapped	28
unmapped	0
bamfiletopen	/net/mimer/mnt/tank/projects2/metagnm_asm/project2/data/empirical/yates2021/results/alignments/ARS011.A0101.SG1.2_sorted_md.bam
refNameStr	NC_021038.1
mapped	51
unmapped	0
bamfiletopen	/net/mimer/mnt/tank/projects2/metagnm_asm/project2/data/empirical/yates2021/results/alignments/ARS011.A0101.SG1.2_sorted_md.bam
refNameStr	NC_016610.1
mapped	44
unmapped	0
bamfiletopen	/net/mimer/mnt/tank/projects2/metagnm_asm/project2/data/empirical/yates2021/results/alignments/ARS011.A0101.SG1.2_sorted_md.bam
refNameStr	NZ_CP028101.1
mapped	66
unmapped	0

bamfiletopen	/net/mimer/mnt/tank/projects2/metagnm_asm/project2/data/empirical/yates2021/results/alignments/ARS017.A0101.SG1.2_sorted_md.bam
refNameStr	NC_002967.9
mapped	79
unmapped	0
bamfiletopen	/net/mimer/mnt/tank/projects2/metagnm_asm/project2/data/empirical/yates2021/results/alignments/ARS017.A0101.SG1.2_sorted_md.bam
refNameStr	NC_021038.1
mapped	78
unmapped	0
bamfiletopen	/net/mimer/mnt/tank/projects2/metagnm_asm/project2/data/empirical/yates2021/results/alignments/ARS017.A0101.SG1.2_sorted_md.bam
refNameStr	NC_016610.1
mapped	83
unmapped	0
bamfiletopen	/net/mimer/mnt/tank/projects2/metagnm_asm/project2/data/empirical/yates2021/results/alignments/ARS017.A0101.SG1.2_sorted_md.bam
refNameStr	NZ_CP028101.1
mapped	165
unmapped	0

bamfiletopen	/net/mimer/mnt/tank/projects2/metagnm_asm/project2/data/empirical/yates2021/results/alignments/PLV001.A0101_sorted_md.bam
refNameStr	NC_002967.9
mapped	1470
unmapped	0
bamfiletopen	/net/mimer/mnt/tank/projects2/metagnm_asm/project2/data/empirical/yates2021/results/alignments/PLV001.A0101_sorted_md.bam
refNameStr	NC_021038.1
mapped	834
unmapped	0
bamfiletopen	/net/mimer/mnt/tank/projects2/metagnm_asm/project2/data/empirical/yates2021/results/alignments/PLV001.A0101_sorted_md.bam
refNameStr	NC_016610.1
mapped	969
unmapped	0
bamfiletopen	/net/mimer/mnt/tank/projects2/metagnm_asm/project2/data/empirical/yates2021/results/alignments/PLV001.A0101_sorted_md.bam
refNameStr	NZ_CP028101.1
mapped	3522
unmapped	0

bamfiletopen	/net/mimer/mnt/tank/projects2/metagnm_asm/project2/data/empirical/yates2021/results/alignments/FUM003.A0101_sorted_md.bam
refNameStr	NC_002967.9
mapped	201
unmapped	0
bamfiletopen	/net/mimer/mnt/tank/projects2/metagnm_asm/project2/data/empirical/yates2021/results/alignments/FUM003.A0101_sorted_md.bam
refNameStr	NC_021038.1
mapped	121
unmapped	0
bamfiletopen	/net/mimer/mnt/tank/projects2/metagnm_asm/project2/data/empirical/yates2021/results/alignments/FUM003.A0101_sorted_md.bam
refNameStr	NC_016610.1
mapped	380
unmapped	0
bamfiletopen	/net/mimer/mnt/tank/projects2/metagnm_asm/project2/data/empirical/yates2021/results/alignments/FUM003.A0101_sorted_md.bam
refNameStr	NZ_CP028101.1
mapped	1118
unmapped	0

bamfiletopen	/net/mimer/mnt/tank/projects2/metagnm_asm/project2/data/empirical/yates2021/results/alignments/FUM001.A0101_sorted_md.bam
refNameStr	NC_002967.9
mapped	1058
unmapped	0
bamfiletopen	/net/mimer/mnt/tank/projects2/metagnm_asm/project2/data/empirical/yates2021/results/alignments/FUM001.A0101_sorted_md.bam
refNameStr	NC_021038.1
mapped	2676
unmapped	0
bamfiletopen	/net/mimer/mnt/tank/projects2/metagnm_asm/project2/data/empirical/yates2021/results/alignments/FUM001.A0101_sorted_md.bam
refNameStr	NC_016610.1
mapped	798
unmapped	0
bamfiletopen	/net/mimer/mnt/tank/projects2/metagnm_asm/project2/data/empirical/yates2021/results/alignments/FUM001.A0101_sorted_md.bam
refNameStr	NZ_CP028101.1
mapped	1400
unmapped	0

bamfiletopen	/net/mimer/mnt/tank/projects2/metagnm_asm/project2/data/empirical/yates2021/results/alignments/BSQ001.A0101_sorted_md.bam
refNameStr	NC_002967.9
mapped	2699
unmapped	0
bamfiletopen	/net/mimer/mnt/tank/projects2/metagnm_asm/project2/data/empirical/yates2021/results/alignments/BSQ001.A0101_sorted_md.bam
refNameStr	NC_021038.1
mapped	9804
unmapped	0
bamfiletopen	/net/mimer/mnt/tank/projects2/metagnm_asm/project2/data/empirical/yates2021/results/alignments/BSQ001.A0101_sorted_md.bam
refNameStr	NC_016610.1
mapped	2363
unmapped	0
bamfiletopen	/net/mimer/mnt/tank/projects2/metagnm_asm/project2/data/empirical/yates2021/results/alignments/BSQ001.A0101_sorted_md.bam
refNameStr	NZ_CP028101.1
mapped	322
unmapped	0

bamfiletopen	/net/mimer/mnt/tank/projects2/metagnm_asm/project2/data/empirical/yates2021/results/alignments/GDN001.B0101_sorted_md.bam
refNameStr	NC_002967.9
mapped	866
unmapped	0
bamfiletopen	/net/mimer/mnt/tank/projects2/metagnm_asm/project2/data/empirical/yates2021/results/alignments/GDN001.B0101_sorted_md.bam
refNameStr	NC_021038.1
mapped	755
unmapped	0
bamfiletopen	/net/mimer/mnt/tank/projects2/metagnm_asm/project2/data/empirical/yates2021/results/alignments/GDN001.B0101_sorted_md.bam
refNameStr	NC_016610.1
mapped	410
unmapped	0
bamfiletopen	/net/mimer/mnt/tank/projects2/metagnm_asm/project2/data/empirical/yates2021/results/alignments/GDN001.B0101_sorted_md.bam
refNameStr	NZ_CP028101.1
mapped	1160
unmapped	0

bamfiletopen	/net/mimer/mnt/tank/projects2/metagnm_asm/project2/data/empirical/yates2021/results/alignments/GDN001.A0101_sorted_md.bam
refNameStr	NC_002967.9
mapped	1147
unmapped	0
bamfiletopen	/net/mimer/mnt/tank/projects2/metagnm_asm/project2/data/empirical/yates2021/results/alignments/GDN001.A0101_sorted_md.bam
refNameStr	NC_021038.1
mapped	1653
unmapped	0
bamfiletopen	/net/mimer/mnt/tank/projects2/metagnm_asm/project2/data/empirical/yates2021/results/alignments/GDN001.A0101_sorted_md.bam
refNameStr	NC_016610.1
mapped	738
unmapped	0
bamfiletopen	/net/mimer/mnt/tank/projects2/metagnm_asm/project2/data/empirical/yates2021/results/alignments/GDN001.A0101_sorted_md.bam
refNameStr	NZ_CP028101.1
mapped	476
unmapped	0

bamfiletopen	/net/mimer/mnt/tank/projects2/metagnm_asm/project2/data/empirical/yates2021/results/alignments/EMN001.A0101_sorted_md.bam
refNameStr	NC_002967.9
mapped	1444
unmapped	0
bamfiletopen	/net/mimer/mnt/tank/projects2/metagnm_asm/project2/data/empirical/yates2021/results/alignments/EMN001.A0101_sorted_md.bam
refNameStr	NC_021038.1
mapped	5116
unmapped	0
bamfiletopen	/net/mimer/mnt/tank/projects2/metagnm_asm/project2/data/empirical/yates2021/results/alignments/EMN001.A0101_sorted_md.bam
refNameStr	NC_016610.1
mapped	1897
unmapped	0
bamfiletopen	/net/mimer/mnt/tank/projects2/metagnm_asm/project2/data/empirical/yates2021/results/alignments/EMN001.A0101_sorted_md.bam
refNameStr	NZ_CP028101.1
mapped	6311
unmapped	0

bamfiletopen	/net/mimer/mnt/tank/projects2/metagnm_asm/project2/data/empirical/yates2021/results/alignments/PES001.B0101_sorted_md.bam
refNameStr	NC_002967.9
mapped	1638
unmapped	0
bamfiletopen	/net/mimer/mnt/tank/projects2/metagnm_asm/project2/data/empirical/yates2021/results/alignments/PES001.B0101_sorted_md.bam
refNameStr	NC_021038.1
mapped	3457
unmapped	0
bamfiletopen	/net/mimer/mnt/tank/projects2/metagnm_asm/project2/data/empirical/yates2021/results/alignments/PES001.B0101_sorted_md.bam
refNameStr	NC_016610.1
mapped	1426
unmapped	0
bamfiletopen	/net/mimer/mnt/tank/projects2/metagnm_asm/project2/data/empirical/yates2021/results/alignments/PES001.B0101_sorted_md.bam
refNameStr	NZ_CP028101.1
mapped	1128
unmapped	0

bamfiletopen	/net/mimer/mnt/tank/projects2/metagnm_asm/project2/data/empirical/yates2021/results/alignments/ECO010.B0101_sorted_md.bam
refNameStr	NC_002967.9
mapped	583
unmapped	0
bamfiletopen	/net/mimer/mnt/tank/projects2/metagnm_asm/project2/data/empirical/yates2021/results/alignments/ECO010.B0101_sorted_md.bam
refNameStr	NC_021038.1
mapped	6923
unmapped	0
bamfiletopen	/net/mimer/mnt/tank/projects2/metagnm_asm/project2/data/empirical/yates2021/results/alignments/ECO010.B0101_sorted_md.bam
refNameStr	NC_016610.1
mapped	9655
unmapped	0
bamfiletopen	/net/mimer/mnt/tank/projects2/metagnm_asm/project2/data/empirical/yates2021/results/alignments/ECO010.B0101_sorted_md.bam
refNameStr	NZ_CP028101.1
mapped	547
unmapped	0

bamfiletopen	/net/mimer/mnt/tank/projects2/metagnm_asm/project2/data/empirical/yates2021/results/alignments/FUM002.A0103.SG1.1_sorted_md.bam
refNameStr	NC_002967.9
mapped	1298
unmapped	0
bamfiletopen	/net/mimer/mnt/tank/projects2/metagnm_asm/project2/data/empirical/yates2021/results/alignments/FUM002.A0103.SG1.1_sorted_md.bam
refNameStr	NC_021038.1
mapped	2147
unmapped	0
bamfiletopen	/net/mimer/mnt/tank/projects2/metagnm_asm/project2/data/empirical/yates2021/results/alignments/FUM002.A0103.SG1.1_sorted_md.bam
refNameStr	NC_016610.1
mapped	2552
unmapped	0
bamfiletopen	/net/mimer/mnt/tank/projects2/metagnm_asm/project2/data/empirical/yates2021/results/alignments/FUM002.A0103.SG1.1_sorted_md.bam
refNameStr	NZ_CP028101.1
mapped	2524
unmapped	0

bamfiletopen	/net/mimer/mnt/tank/projects2/metagnm_asm/project2/data/empirical/yates2021/results/alignments/FUM002.A0101_sorted_md.bam
refNameStr	NC_002967.9
mapped	683
unmapped	0
bamfiletopen	/net/mimer/mnt/tank/projects2/metagnm_asm/project2/data/empirical/yates2021/results/alignments/FUM002.A0101_sorted_md.bam
refNameStr	NC_021038.1
mapped	866
unmapped	0
bamfiletopen	/net/mimer/mnt/tank/projects2/metagnm_asm/project2/data/empirical/yates2021/results/alignments/FUM002.A0101_sorted_md.bam
refNameStr	NC_016610.1
mapped	1407
unmapped	0
bamfiletopen	/net/mimer/mnt/tank/projects2/metagnm_asm/project2/data/empirical/yates2021/results/alignments/FUM002.A0101_sorted_md.bam
refNameStr	NZ_CP028101.1
mapped	1381
unmapped	0

bamfiletopen	/net/mimer/mnt/tank/projects2/metagnm_asm/project2/data/empirical/yates2021/results/alignments/ESA004.A0101_sorted_md.bam
refNameStr	NC_002967.9
mapped	8909
unmapped	0
bamfiletopen	/net/mimer/mnt/tank/projects2/metagnm_asm/project2/data/empirical/yates2021/results/alignments/ESA004.A0101_sorted_md.bam
refNameStr	NC_021038.1
mapped	9006
unmapped	0
bamfiletopen	/net/mimer/mnt/tank/projects2/metagnm_asm/project2/data/empirical/yates2021/results/alignments/ESA004.A0101_sorted_md.bam
refNameStr	NC_016610.1
mapped	4821
unmapped	0
bamfiletopen	/net/mimer/mnt/tank/projects2/metagnm_asm/project2/data/empirical/yates2021/results/alignments/ESA004.A0101_sorted_md.bam
refNameStr	NZ_CP028101.1
mapped	2477
unmapped	0

bamfiletopen	/net/mimer/mnt/tank/projects2/metagnm_asm/project2/data/empirical/yates2021/results/alignments/PES001.B0103.SG1.1_sorted_md.bam
refNameStr	NC_002967.9
mapped	7891
unmapped	1
bamfiletopen	/net/mimer/mnt/tank/projects2/metagnm_asm/project2/data/empirical/yates2021/results/alignments/PES001.B0103.SG1.1_sorted_md.bam
refNameStr	NC_021038.1
mapped	17218
unmapped	0
bamfiletopen	/net/mimer/mnt/tank/projects2/metagnm_asm/project2/data/empirical/yates2021/results/alignments/PES001.B0103.SG1.1_sorted_md.bam
refNameStr	NC_016610.1
mapped	6112
unmapped	0
bamfiletopen	/net/mimer/mnt/tank/projects2/metagnm_asm/project2/data/empirical/yates2021/results/alignments/PES001.B0103.SG1.1_sorted_md.bam
refNameStr	NZ_CP028101.1
mapped	5567
unmapped	0

bamfiletopen	/net/mimer/mnt/tank/projects2/metagnm_asm/project2/data/empirical/yates2021/results/alignments/RIG001.A0101_sorted_md.bam
refNameStr	NC_002967.9
mapped	7622
unmapped	0
bamfiletopen	/net/mimer/mnt/tank/projects2/metagnm_asm/project2/data/empirical/yates2021/results/alignments/RIG001.A0101_sorted_md.bam
refNameStr	NC_021038.1
mapped	31315
unmapped	0
bamfiletopen	/net/mimer/mnt/tank/projects2/metagnm_asm/project2/data/empirical/yates2021/results/alignments/RIG001.A0101_sorted_md.bam
refNameStr	NC_016610.1
mapped	21497
unmapped	0
bamfiletopen	/net/mimer/mnt/tank/projects2/metagnm_asm/project2/data/empirical/yates2021/results/alignments/RIG001.A0101_sorted_md.bam
refNameStr	NZ_CP028101.1
mapped	5967
unmapped	0

bamfiletopen	/net/mimer/mnt/tank/projects2/metagnm_asm/project2/data/empirical/yates2021/results/alignments/ESA007.A0101_sorted_md.bam
refNameStr	NC_002967.9
mapped	10420
unmapped	0
bamfiletopen	/net/mimer/mnt/tank/projects2/metagnm_asm/project2/data/empirical/yates2021/results/alignments/ESA007.A0101_sorted_md.bam
refNameStr	NC_021038.1
mapped	28899
unmapped	0
bamfiletopen	/net/mimer/mnt/tank/projects2/metagnm_asm/project2/data/empirical/yates2021/results/alignments/ESA007.A0101_sorted_md.bam
refNameStr	NC_016610.1
mapped	13948
unmapped	0
bamfiletopen	/net/mimer/mnt/tank/projects2/metagnm_asm/project2/data/empirical/yates2021/results/alignments/ESA007.A0101_sorted_md.bam
refNameStr	NZ_CP028101.1
mapped	3247
unmapped	0

bamfiletopen	/net/mimer/mnt/tank/projects2/metagnm_asm/project2/data/empirical/yates2021/results/alignments/ESA003.A0101_sorted_md.bam
refNameStr	NC_002967.9
mapped	16596
unmapped	0
bamfiletopen	/net/mimer/mnt/tank/projects2/metagnm_asm/project2/data/empirical/yates2021/results/alignments/ESA003.A0101_sorted_md.bam
refNameStr	NC_021038.1
mapped	26036
unmapped	0
bamfiletopen	/net/mimer/mnt/tank/projects2/metagnm_asm/project2/data/empirical/yates2021/results/alignments/ESA003.A0101_sorted_md.bam
refNameStr	NC_016610.1
mapped	16425
unmapped	0
bamfiletopen	/net/mimer/mnt/tank/projects2/metagnm_asm/project2/data/empirical/yates2021/results/alignments/ESA003.A0101_sorted_md.bam
refNameStr	NZ_CP028101.1
mapped	6045
unmapped	0

bamfiletopen	/net/mimer/mnt/tank/projects2/metagnm_asm/project2/data/empirical/yates2021/results/alignments/PYK001.A0101_sorted_md.bam
refNameStr	NC_002967.9
mapped	12342
unmapped	0
bamfiletopen	/net/mimer/mnt/tank/projects2/metagnm_asm/project2/data/empirical/yates2021/results/alignments/PYK001.A0101_sorted_md.bam
refNameStr	NC_021038.1
mapped	20461
unmapped	0
bamfiletopen	/net/mimer/mnt/tank/projects2/metagnm_asm/project2/data/empirical/yates2021/results/alignments/PYK001.A0101_sorted_md.bam
refNameStr	NC_016610.1
mapped	37784
unmapped	0
bamfiletopen	/net/mimer/mnt/tank/projects2/metagnm_asm/project2/data/empirical/yates2021/results/alignments/PYK001.A0101_sorted_md.bam
refNameStr	NZ_CP028101.1
mapped	6536
unmapped	0

bamfiletopen	/net/mimer/mnt/tank/projects2/metagnm_asm/project2/data/empirical/yates2021/results/alignments/OFN001.A0101_sorted_md.bam
refNameStr	NC_002967.9
mapped	8198
unmapped	0
bamfiletopen	/net/mimer/mnt/tank/projects2/metagnm_asm/project2/data/empirical/yates2021/results/alignments/OFN001.A0101_sorted_md.bam
refNameStr	NC_021038.1
mapped	38395
unmapped	0
bamfiletopen	/net/mimer/mnt/tank/projects2/metagnm_asm/project2/data/empirical/yates2021/results/alignments/OFN001.A0101_sorted_md.bam
refNameStr	NC_016610.1
mapped	41414
unmapped	0
bamfiletopen	/net/mimer/mnt/tank/projects2/metagnm_asm/project2/data/empirical/yates2021/results/alignments/OFN001.A0101_sorted_md.bam
refNameStr	NZ_CP028101.1
mapped	5514
unmapped	0

bamfiletopen	/net/mimer/mnt/tank/projects2/metagnm_asm/project2/data/empirical/yates2021/results/alignments/ESA006.A0101_sorted_md.bam
refNameStr	NC_002967.9
mapped	14970
unmapped	0
bamfiletopen	/net/mimer/mnt/tank/projects2/metagnm_asm/project2/data/empirical/yates2021/results/alignments/ESA006.A0101_sorted_md.bam
refNameStr	NC_021038.1
mapped	45775
unmapped	0
bamfiletopen	/net/mimer/mnt/tank/projects2/metagnm_asm/project2/data/empirical/yates2021/results/alignments/ESA006.A0101_sorted_md.bam
refNameStr	NC_016610.1
mapped	19216
unmapped	0
bamfiletopen	/net/mimer/mnt/tank/projects2/metagnm_asm/project2/data/empirical/yates2021/results/alignments/ESA006.A0101_sorted_md.bam
refNameStr	NZ_CP028101.1
mapped	4032
unmapped	0

bamfiletopen	/net/mimer/mnt/tank/projects2/metagnm_asm/project2/data/empirical/yates2021/results/alignments/LIS002.A0101_sorted_md.bam
refNameStr	NC_002967.9
mapped	9607
unmapped	0
bamfiletopen	/net/mimer/mnt/tank/projects2/metagnm_asm/project2/data/empirical/yates2021/results/alignments/LIS002.A0101_sorted_md.bam
refNameStr	NC_021038.1
mapped	66858
unmapped	0
bamfiletopen	/net/mimer/mnt/tank/projects2/metagnm_asm/project2/data/empirical/yates2021/results/alignments/LIS002.A0101_sorted_md.bam
refNameStr	NC_016610.1
mapped	24055
unmapped	0
bamfiletopen	/net/mimer/mnt/tank/projects2/metagnm_asm/project2/data/empirical/yates2021/results/alignments/LIS002.A0101_sorted_md.bam
refNameStr	NZ_CP028101.1
mapped	4367
unmapped	0

bamfiletopen	/net/mimer/mnt/tank/projects2/metagnm_asm/project2/data/empirical/yates2021/results/alignments/EMN001.A0102.SG1.1_sorted_md.bam
refNameStr	NC_002967.9
mapped	11785
unmapped	0
bamfiletopen	/net/mimer/mnt/tank/projects2/metagnm_asm/project2/data/empirical/yates2021/results/alignments/EMN001.A0102.SG1.1_sorted_md.bam
refNameStr	NC_021038.1
mapped	55855
unmapped	0
bamfiletopen	/net/mimer/mnt/tank/projects2/metagnm_asm/project2/data/empirical/yates2021/results/alignments/EMN001.A0102.SG1.1_sorted_md.bam
refNameStr	NC_016610.1
mapped	15525
unmapped	0
bamfiletopen	/net/mimer/mnt/tank/projects2/metagnm_asm/project2/data/empirical/yates2021/results/alignments/EMN001.A0102.SG1.1_sorted_md.bam
refNameStr	NZ_CP028101.1
mapped	43044
unmapped	0

bamfiletopen	/net/mimer/mnt/tank/projects2/metagnm_asm/project2/data/empirical/yates2021/results/alignments/PYK004.A0101_sorted_md.bam
refNameStr	NC_002967.9
mapped	15471
unmapped	0
bamfiletopen	/net/mimer/mnt/tank/projects2/metagnm_asm/project2/data/empirical/yates2021/results/alignments/PYK004.A0101_sorted_md.bam
refNameStr	NC_021038.1
mapped	55049
unmapped	0
bamfiletopen	/net/mimer/mnt/tank/projects2/metagnm_asm/project2/data/empirical/yates2021/results/alignments/PYK004.A0101_sorted_md.bam
refNameStr	NC_016610.1
mapped	18140
unmapped	0
bamfiletopen	/net/mimer/mnt/tank/projects2/metagnm_asm/project2/data/empirical/yates2021/results/alignments/PYK004.A0101_sorted_md.bam
refNameStr	NZ_CP028101.1
mapped	9180
unmapped	0

bamfiletopen	/net/mimer/mnt/tank/projects2/metagnm_asm/project2/data/empirical/yates2021/results/alignments/LIS003.A0101_sorted_md.bam
refNameStr	NC_002967.9
mapped	15409
unmapped	0
bamfiletopen	/net/mimer/mnt/tank/projects2/metagnm_asm/project2/data/empirical/yates2021/results/alignments/LIS003.A0101_sorted_md.bam
refNameStr	NC_021038.1
mapped	44712
unmapped	0
bamfiletopen	/net/mimer/mnt/tank/projects2/metagnm_asm/project2/data/empirical/yates2021/results/alignments/LIS003.A0101_sorted_md.bam
refNameStr	NC_016610.1
mapped	111256
unmapped	0
bamfiletopen	/net/mimer/mnt/tank/projects2/metagnm_asm/project2/data/empirical/yates2021/results/alignments/LIS003.A0101_sorted_md.bam
refNameStr	NZ_CP028101.1
mapped	12123
unmapped	0

bamfiletopen	/net/mimer/mnt/tank/projects2/metagnm_asm/project2/data/empirical/yates2021/results/alignments/LIS001.A0101_sorted_md.bam
refNameStr	NC_002967.9
mapped	17615
unmapped	0
bamfiletopen	/net/mimer/mnt/tank/projects2/metagnm_asm/project2/data/empirical/yates2021/results/alignments/LIS001.A0101_sorted_md.bam
refNameStr	NC_021038.1
mapped	51787
unmapped	0
bamfiletopen	/net/mimer/mnt/tank/projects2/metagnm_asm/project2/data/empirical/yates2021/results/alignments/LIS001.A0101_sorted_md.bam
refNameStr	NC_016610.1
mapped	61304
unmapped	0
bamfiletopen	/net/mimer/mnt/tank/projects2/metagnm_asm/project2/data/empirical/yates2021/results/alignments/LIS001.A0101_sorted_md.bam
refNameStr	NZ_CP028101.1
mapped	8523
unmapped	0

bamfiletopen	/net/mimer/mnt/tank/projects2/metagnm_asm/project2/data/empirical/yates2021/results/alignments/PYK005.A0101_sorted_md.bam
refNameStr	NC_002967.9
mapped	9063
unmapped	0
bamfiletopen	/net/mimer/mnt/tank/projects2/metagnm_asm/project2/data/empirical/yates2021/results/alignments/PYK005.A0101_sorted_md.bam
refNameStr	NC_021038.1
mapped	142780
unmapped	0
bamfiletopen	/net/mimer/mnt/tank/projects2/metagnm_asm/project2/data/empirical/yates2021/results/alignments/PYK005.A0101_sorted_md.bam
refNameStr	NC_016610.1
mapped	69551
unmapped	0
bamfiletopen	/net/mimer/mnt/tank/projects2/metagnm_asm/project2/data/empirical/yates2021/results/alignments/PYK005.A0101_sorted_md.bam
refNameStr	NZ_CP028101.1
mapped	1720
unmapped	0

bamfiletopen	/net/mimer/mnt/tank/projects2/metagnm_asm/project2/data/empirical/yates2021/results/alignments/PYK003.A0101_sorted_md.bam
refNameStr	NC_002967.9
mapped	19521
unmapped	0
bamfiletopen	/net/mimer/mnt/tank/projects2/metagnm_asm/project2/data/empirical/yates2021/results/alignments/PYK003.A0101_sorted_md.bam
refNameStr	NC_021038.1
mapped	46115
unmapped	0
bamfiletopen	/net/mimer/mnt/tank/projects2/metagnm_asm/project2/data/empirical/yates2021/results/alignments/PYK003.A0101_sorted_md.bam
refNameStr	NC_016610.1
mapped	165153
unmapped	0
bamfiletopen	/net/mimer/mnt/tank/projects2/metagnm_asm/project2/data/empirical/yates2021/results/alignments/PYK003.A0101_sorted_md.bam
refNameStr	NZ_CP028101.1
mapped	2686
unmapped	0

bamfiletopen	/net/mimer/mnt/tank/projects2/metagnm_asm/project2/data/empirical/yates2021/results/alignments/PYK002.A0101_sorted_md.bam
refNameStr	NC_002967.9
mapped	50061
unmapped	0
bamfiletopen	/net/mimer/mnt/tank/projects2/metagnm_asm/project2/data/empirical/yates2021/results/alignments/PYK002.A0101_sorted_md.bam
refNameStr	NC_021038.1
mapped	199966
unmapped	0
bamfiletopen	/net/mimer/mnt/tank/projects2/metagnm_asm/project2/data/empirical/yates2021/results/alignments/PYK002.A0101_sorted_md.bam
refNameStr	NC_016610.1
mapped	301945
unmapped	0
bamfiletopen	/net/mimer/mnt/tank/projects2/metagnm_asm/project2/data/empirical/yates2021/results/alignments/PYK002.A0101_sorted_md.bam
refNameStr	NZ_CP028101.1
mapped	17671
unmapped	0

